// Jest Snapshot v1, https://goo.gl/fbAQLP

exports[`Nested 2 test 1`] = `
"(declare-const P Bool)
(declare-const Q Bool)
(declare-const R Bool)
(declare-const T Bool)
(assert (not T))
(assert (=> P (not (and R Q))))
(assert (=> P (or R T)))
(assert (not (=> P (not Q))))
(check-sat)"
`;

exports[`Nested 2 test latex 1`] = `
Array [
  "\\\\lnot T",
  "P \\\\Longrightarrow \\\\lnot R \\\\land Q",
  "P \\\\Longrightarrow R \\\\lor T",
  "P \\\\Longrightarrow \\\\lnot Q",
]
`;
