// Jest Snapshot v1, https://goo.gl/fbAQLP

exports[`Quantifier Forall test 1`] = `
"(declare-const P Bool)
(declare-const Q Bool)
(assert (not (forall ((x Type))(=> P Q))))
(check-sat)"
`;

exports[`Quantifier Forall test latex 1`] = `
Array [
  "\\\\forall x:Type.P \\\\Longrightarrow Q",
]
`;
